---
source: src/test.rs
expression: "snapshot! { match () { x => () } }"
---
fn main() {
    match () {
        x => {}
    }
}
