---
source: src/test.rs
expression: "snapshot! { match () {} }"
---
fn main() {
    match () {}
}
