---
source: src/test.rs
expression: "snapshot! { match () { owned!((owned!(x),)) => {} } }"
---
fn main() {
    match () {
        owned!((owned!(x),)) => {}
    }
}
